
Memory Configuration

Name             Origin             Length             Attributes
flash            0x08000000         0x00020000         xr
sram             0x20000000         0x00005000         xrw
*default*        0x00000000         0xffffffff

Linker script and memory map


.text           0x08000000       0xfa
 *(.vectors*)
 .vectors       0x08000000       0x4c startup.o
 *(.text)
 .text          0x0800004c       0xa8 main.o
                0x0800004c                main
 .text          0x080000f4        0x6 startup.o
 *(.rodata)

.glue_7         0x080000fc        0x0
 .glue_7        0x00000000        0x0 linker stubs

.glue_7t        0x080000fc        0x0
 .glue_7t       0x00000000        0x0 linker stubs

.vfp11_veneer   0x080000fc        0x0
 .vfp11_veneer  0x00000000        0x0 linker stubs

.v4_bx          0x080000fc        0x0
 .v4_bx         0x00000000        0x0 linker stubs

.iplt           0x080000fc        0x0
 .iplt          0x00000000        0x0 main.o

.rel.dyn        0x080000fc        0x0
 .rel.iplt      0x00000000        0x0 main.o

.data           0x080000fc        0x4
 *(.data)
 .data          0x080000fc        0x4 main.o
                0x080000fc                R_ODR
 .data          0x08000100        0x0 startup.o

.igot.plt       0x08000100        0x0
 .igot.plt      0x00000000        0x0 main.o

.bss            0x20000000        0x0
 *(.bss)
 .bss           0x20000000        0x0 main.o
 .bss           0x20000000        0x0 startup.o
LOAD main.o
LOAD startup.o
OUTPUT(COTREX-M3.elf elf32-littlearm)

.debug_info     0x00000000      0x157
 .debug_info    0x00000000      0x119 main.o
 .debug_info    0x00000119       0x3e startup.o

.debug_abbrev   0x00000000       0xe0
 .debug_abbrev  0x00000000       0xcc main.o
 .debug_abbrev  0x000000cc       0x14 startup.o

.debug_loc      0x00000000       0x38
 .debug_loc     0x00000000       0x38 main.o

.debug_aranges  0x00000000       0x40
 .debug_aranges
                0x00000000       0x20 main.o
 .debug_aranges
                0x00000020       0x20 startup.o

.debug_line     0x00000000       0x90
 .debug_line    0x00000000       0x56 main.o
 .debug_line    0x00000056       0x3a startup.o

.debug_str      0x00000000       0xa5
 .debug_str     0x00000000       0xa5 main.o
                                 0xd9 (size before relaxing)

.comment        0x00000000       0x11
 .comment       0x00000000       0x11 main.o
                                 0x12 (size before relaxing)

.ARM.attributes
                0x00000000       0x31
 .ARM.attributes
                0x00000000       0x33 main.o
 .ARM.attributes
                0x00000033       0x21 startup.o

.debug_frame    0x00000000       0x2c
 .debug_frame   0x00000000       0x2c main.o
