
Memory Configuration

Name             Origin             Length             Attributes
FLASH            0x00000000         0x20000000         xr
SRAM             0x20000000         0x20000000         xrw
*default*        0x00000000         0xffffffff

Linker script and memory map


.text           0x00000000      0x190
 *(.vectors*)
 .vectors       0x00000000       0x10 startup.o
                0x00000000                g_p_fun_vectors
 *(.text*)
 .text          0x00000010       0xc4 main.o
                0x00000010                main
 .text          0x000000d4       0xbc startup.o
                0x000000d4                default_handller
                0x000000d4                NMI_handler
                0x000000d4                h_fault_handler
                0x000000e0                reset_handler
 *(.rodata)
                0x00000190                _E_text_ = .

.glue_7         0x00000190        0x0
 .glue_7        0x00000000        0x0 linker stubs

.glue_7t        0x00000190        0x0
 .glue_7t       0x00000000        0x0 linker stubs

.vfp11_veneer   0x00000190        0x0
 .vfp11_veneer  0x00000000        0x0 linker stubs

.v4_bx          0x00000190        0x0
 .v4_bx         0x00000000        0x0 linker stubs

.iplt           0x00000190        0x0
 .iplt          0x00000000        0x0 main.o

.rel.dyn        0x00000190        0x0
 .rel.iplt      0x00000000        0x0 main.o

.data           0x20000000        0x0 load address 0x00000190
                0x20000000                _S_DATA_ = .
 *(.data)
 .data          0x20000000        0x0 main.o
 .data          0x20000000        0x0 startup.o
                0x20000000                . = ALIGN (0x4)
                0x20000000                _E_DATA_ = .

.igot.plt       0x20000000        0x0 load address 0x00000190
 .igot.plt      0x00000000        0x0 main.o

.bss            0x20000000      0x400 load address 0x00000190
                0x20000000                _S_BSS_ = .
 *(.bss)
 .bss           0x20000000        0x0 main.o
 .bss           0x20000000      0x400 startup.o
                0x20000400                . = ALIGN (0x4)
                0x20000400                _E_BSS_ = .
LOAD main.o
LOAD startup.o
OUTPUT(CORTEX_M4.elf elf32-littlearm)

.debug_info     0x00000000      0x1c8
 .debug_info    0x00000000       0x65 main.o
 .debug_info    0x00000065      0x163 startup.o

.debug_abbrev   0x00000000      0x12d
 .debug_abbrev  0x00000000       0x5a main.o
 .debug_abbrev  0x0000005a       0xd3 startup.o

.debug_loc      0x00000000       0x9c
 .debug_loc     0x00000000       0x38 main.o
 .debug_loc     0x00000038       0x64 startup.o

.debug_aranges  0x00000000       0x40
 .debug_aranges
                0x00000000       0x20 main.o
 .debug_aranges
                0x00000020       0x20 startup.o

.debug_line     0x00000000       0xca
 .debug_line    0x00000000       0x61 main.o
 .debug_line    0x00000061       0x69 startup.o

.debug_str      0x00000000       0xec
 .debug_str     0x00000000       0x3e main.o
 .debug_str     0x0000003e       0xae startup.o
                                 0xe2 (size before relaxing)

.comment        0x00000000       0x11
 .comment       0x00000000       0x11 main.o
                                 0x12 (size before relaxing)
 .comment       0x00000000       0x12 startup.o

.ARM.attributes
                0x00000000       0x33
 .ARM.attributes
                0x00000000       0x33 main.o
 .ARM.attributes
                0x00000033       0x33 startup.o

.debug_frame    0x00000000       0x78
 .debug_frame   0x00000000       0x2c main.o
 .debug_frame   0x0000002c       0x4c startup.o
