
Memory Configuration

Name             Origin             Length             Attributes
Mem              0x00000000         0x04000000         xrw
*default*        0x00000000         0xffffffff

Linker script and memory map

                0x00010000                . = 0x10000

.startup        0x00010000       0x10
 startup.o(.text)
 .text          0x00010000       0x10 startup.o
                0x00010000                reset

.text           0x00010010       0xcc
 *(.text)
 .text          0x00010010       0x18 app.o
                0x00010010                main
 .text          0x00010028       0x50 uart.o
                0x00010028                uart_send_string
 *(.rodata)
 .rodata        0x00010078       0x64 app.o
                0x00010078                string2

.glue_7         0x000100dc        0x0
 .glue_7        0x00000000        0x0 linker stubs

.glue_7t        0x000100dc        0x0
 .glue_7t       0x00000000        0x0 linker stubs

.vfp11_veneer   0x000100dc        0x0
 .vfp11_veneer  0x00000000        0x0 linker stubs

.v4_bx          0x000100dc        0x0
 .v4_bx         0x00000000        0x0 linker stubs

.iplt           0x000100dc        0x0
 .iplt          0x00000000        0x0 startup.o

.rel.dyn        0x000100dc        0x0
 .rel.iplt      0x00000000        0x0 startup.o

.data           0x000100dc       0x64
 *(.data)
 .data          0x000100dc        0x0 startup.o
 .data          0x000100dc       0x64 app.o
                0x000100dc                string
 .data          0x00010140        0x0 uart.o

.igot.plt       0x00010140        0x0
 .igot.plt      0x00000000        0x0 startup.o

.bss            0x00010140       0x75
 *(.bss)
 .bss           0x00010140        0x0 startup.o
 .bss           0x00010140       0x64 app.o
 .bss           0x000101a4        0x0 uart.o
 *(.comment)
 .comment       0x000101a4       0x11 app.o
                                 0x12 (size before relaxing)
 .comment       0x00000000       0x12 uart.o
                0x000111b5                . = (. + 0x1000)
                0x000111b5                stack_top = .
LOAD app.o
LOAD startup.o
LOAD uart.o
OUTPUT(learn_in_depth.elf elf32-littlearm)

.ARM.attributes
                0x00000000       0x2e
 .ARM.attributes
                0x00000000       0x22 startup.o
 .ARM.attributes
                0x00000022       0x32 app.o
 .ARM.attributes
                0x00000054       0x32 uart.o
